// Jest Snapshot v1, https://goo.gl/fbAQLP

exports[`components:StyledButton renders the button with the correct styles 1`] = `
.c0 {
  border-radius: 0;
  padding: 10px 15px;
  font-size: 22px;
  background: #191919;
  color: white;
  border: none;
  box-shadow: 0 10px 20px rgba(0,0,0,0.19),0 6px 6px rgba(0,0,0,0.23);
  -webkit-transition: all 0.3s cubic-bezier(.25,.8,.25,1);
  transition: all 0.3s cubic-bezier(.25,.8,.25,1);
  margin-bottom: 20px;
}

.c0:hover {
  box-shadow: 0 14px 28px rgba(0,0,0,0.25),0 10px 10px rgba(0,0,0,0.22);
  cursor: pointer;
}

.c0:focus {
  outline: none;
}

<button
  className="c0"
/>
`;
