// Jest Snapshot v1, https://goo.gl/fbAQLP

exports[`components:App renders the App with a blank game board and nine squares 1`] = `
<div>
  <Header
    name="Tic-Tac-Toe Mk. II"
  />
  <Game />
  <Settings />
</div>
`;

exports[`components:App renders the App with a game board three moves: center, top-left, top-right 1`] = `
<div>
  <Header
    name="Tic-Tac-Toe Mk. II"
  />
  <Game />
  <Settings />
</div>
`;
